// Jest Snapshot v1, https://goo.gl/fbAQLP

exports[`ToastNotification renders the component 1`] = `
<div role="alert" aria-live="assertive" aria-atomic="true" data-bs-autohide="false" data-bs-delay="10000" class="toast bg-danger position-fixed bottom-0 end-0 p-3" style="z-index: 5;">
  <div class="toast-header"><strong class="me-auto">Unable to get user</strong> <small>11 mins ago</small> <button type="button" data-bs-dismiss="toast" aria-label="Close" class="btn-close"></button></div>
  <div class="toast-body">
    Unable to get the specified user: IDoNotExist
  </div>
</div>
`;
